Testing		01/12/1920:21:18		/index.php
Testing		01/12/1920:21:21		/index.php
Testing		01/12/1920:22:28		/index.php
Testing		01/12/1920:22:40		/signin.php
Last		01/12/1920:35:42		/index.php
